// Jest Snapshot v1, https://goo.gl/fbAQLP

exports[`Tests on FirstApp component FirstApp component should be equal to snapshot 1`] = `
<div>
  <h1
    data-testid="title"
  >
    Hola Mundo
  </h1>
  <p>
    No hay subt√≠tulo
  </p>
  <p>
    Fernando Herrera
  </p>
</div>
`;
